// Jest Snapshot v1, https://goo.gl/fbAQLP

exports[`ConfirmRemoveSourceDialog is initially invisible 1`] = `
<body>
  <div />
</body>
`;

exports[`ConfirmRemoveSourceDialog shows the new version if one becomes available  1`] = `
<body
  class="modal-open"
  style="padding-right: 0px;"
>
  <div
    aria-hidden="true"
  />
  <div
    class="fade modal-backdrop show"
  />
  <div
    aria-modal="true"
    class="fade dialog  modal show"
    data-focus-visible-added=""
    role="dialog"
    style="display: block;"
    tabindex="-1"
  >
    <div
      class="modal-dialog modal-dialog-centered"
    >
      <div
        class="modal-content"
      >
        <div
          class="modal-header"
        >
          <div
            class="tw-flex tw-flex-row"
          >
            <b>
              Remove app source
            </b>
          </div>
        </div>
        <div
          class="modal-body"
        >
          Are you sure to remove 
          the source to remove
           source along with any apps installed from it?
        </div>
        <div
          class="modal-footer"
        >
          <div
            class="tw-preflight "
          >
            <button
              class="tw-h-8 tw-px-4 tw-text-sm tw-bg-nordicBlue tw-text-white active:enabled:tw-bg-nordicBlue-700 "
              type="button"
            >
              Yes, remove
            </button>
          </div>
          <div
            class="tw-preflight "
          >
            <button
              class="tw-h-8 tw-px-4 tw-text-sm tw-border tw-border-gray-700 tw-bg-white tw-text-gray-700  active:enabled:tw-bg-gray-50 "
              type="button"
            >
              Cancel
            </button>
          </div>
        </div>
      </div>
    </div>
  </div>
</body>
`;
