exports[`AdapterSelector should render correctly 1`] = `
<span
  title="Select serial port (Alt+P)">
  <div
    className="padded-row">
    <div
      className="dropdown btn-group">
      <button
        aria-expanded={false}
        aria-haspopup={true}
        className="btn-primary btn-nordic dropdown-toggle btn btn-default"
        disabled={false}
        id="navbar-dropdown"
        onClick={[Function]}
        onKeyDown={[Function]}
        role="button"
        type="button">
        Select serial port
         
        <span
          className="caret" />
      </button>
      <ul
        aria-labelledby="navbar-dropdown"
        className="dropdown-menu"
        role="menu" />
    </div>
    <div
      className="indicator off" />
  </div>
</span>
`;
