// Jest Snapshot v1, https://goo.gl/fbAQLP

exports[`UpdateAvailableDialog is initially invisible 1`] = `
<body>
  <div />
</body>
`;

exports[`UpdateAvailableDialog shows the new version if one becomes available  1`] = `
<body
  class="modal-open"
  style="padding-right: 0px;"
>
  <div
    aria-hidden="true"
  />
  <div
    class="fade modal-backdrop show"
  />
  <div
    aria-modal="true"
    class="fade dialog  modal show"
    data-focus-visible-added=""
    role="dialog"
    style="display: block;"
    tabindex="-1"
  >
    <div
      class="modal-dialog modal-dialog-centered"
    >
      <div
        class="modal-content"
      >
        <div
          class="modal-header"
        >
          <div>
            <b>
              Update available
            </b>
          </div>
        </div>
        <div
          class="modal-body"
        >
          <p>
            A new version (
            1.2.3
            ) of nRF Connect for Desktop is available. Would you like to update now?
          </p>
          <button
            class=""
            type="button"
          >
            Click to see release notes
          </button>
        </div>
        <div
          class="modal-footer"
        >
          <button
            class=""
            type="button"
          >
            Yes
          </button>
          <button
            class=""
            type="button"
          >
            No
          </button>
        </div>
      </div>
    </div>
  </div>
</body>
`;
