// Jest Snapshot v1, https://goo.gl/fbAQLP

exports[`UpdateAvailableDialog is initially invisible 1`] = `
<body>
  <div />
</body>
`;

exports[`UpdateAvailableDialog shows the new version if one becomes available  1`] = `
<body
  class="modal-open"
  style="padding-right: 0px;"
>
  <div
    aria-hidden="true"
  />
  <div
    class="fade modal-backdrop show"
  />
  <div
    aria-modal="true"
    class="fade dialog  modal show"
    data-focus-visible-added=""
    role="dialog"
    style="display: block;"
    tabindex="-1"
  >
    <div
      class="modal-dialog modal-dialog-centered"
    >
      <div
        class="modal-content"
      >
        <div
          class="modal-header"
        >
          <div
            class="tw-flex tw-flex-row"
          >
            <b>
              Update available
            </b>
          </div>
        </div>
        <div
          class="modal-body"
        >
          <p>
            A new version (
            1.2.3
            ) of nRF Connect for Desktop is available. Would you like to update now?
          </p>
          <div
            class="tw-text-sm"
          >
            <a
              class="tw-preflight tw-text-nordicBlue hover:tw-underline"
              href="https://github.com/NordicSemiconductor/pc-nrfconnect-launcher/releases"
              rel="noreferrer noopener"
              target="_blank"
            >
              Click to see release notes
            </a>
          </div>
        </div>
        <div
          class="tw-preflight tw-flex tw-flex-row-reverse tw-justify-start tw-gap-2 tw-border-none tw-p-4 modal-footer"
        >
          <button
            class="tw-preflight tw-h-8 tw-px-4 tw-text-sm tw-bg-nordicBlue tw-text-white active:enabled:tw-bg-nordicBlue-700 "
            type="button"
          >
            Yes
          </button>
          <button
            class="tw-preflight tw-h-8 tw-px-4 tw-text-sm tw-border tw-border-gray-700 tw-bg-white tw-text-gray-700  active:enabled:tw-bg-gray-50 "
            type="button"
          >
            No
          </button>
        </div>
      </div>
    </div>
  </div>
</body>
`;
